[uiuxom.com/ulina/html/index.html]
[backblue.gif]
[fade.gif]
[index.html]
[uiuxom.com/ulina/html/css/bootstrap.css]
[uiuxom.com/ulina/html/css/animate.css]
[uiuxom.com/ulina/html/css/fontawesome-all.css]
[uiuxom.com/ulina/html/css/owl.theme.default.min.css]
[uiuxom.com/ulina/html/css/owl.carousel.min.css]
[uiuxom.com/ulina/html/css/lightcase.css]
[uiuxom.com/ulina/html/css/slick.css]
[uiuxom.com/ulina/html/css/nice-select.css]
[uiuxom.com/ulina/html/css/settings.css]
[uiuxom.com/ulina/html/css/ulina-icons.css]
[uiuxom.com/ulina/html/css/ignore_for_wp.css]
[uiuxom.com/ulina/html/css/preset.css]
[uiuxom.com/ulina/html/css/theme.css]
[uiuxom.com/ulina/html/css/responsive.css]
[uiuxom.com/ulina/html/images/favicon.png]
[uiuxom.com/ulina/html/images/logo.png]
[uiuxom.com/ulina/html/index2.html]
[uiuxom.com/ulina/html/about.html]
[uiuxom.com/ulina/html/shop_left_sidebar.html]
[uiuxom.com/ulina/html/shop_full_width.html]
[uiuxom.com/ulina/html/shop_right_sidebar.html]
[uiuxom.com/ulina/html/collections.html]
[uiuxom.com/ulina/html/collection_list.html]
[uiuxom.com/ulina/html/shop_details1.html]
[uiuxom.com/ulina/html/shop_details2.html]
[uiuxom.com/ulina/html/cart.html]
[uiuxom.com/ulina/html/checkout.html]
[uiuxom.com/ulina/html/wishlist.html]
[uiuxom.com/ulina/html/images/home1/3.png]
[uiuxom.com/ulina/html/team.html]
[uiuxom.com/ulina/html/faq.html]
[uiuxom.com/ulina/html/testimonial.html]
[uiuxom.com/ulina/html/404.html]
[uiuxom.com/ulina/html/blog_standard_lsb.html]
[uiuxom.com/ulina/html/blog_standard_nsb.html]
[uiuxom.com/ulina/html/blog_standard_rsb.html]
[uiuxom.com/ulina/html/blog_grid_lsb.html]
[uiuxom.com/ulina/html/blog_grid_nsb.html]
[uiuxom.com/ulina/html/blog_grid_rsb.html]
[uiuxom.com/ulina/html/blog_details_lsb.html]
[uiuxom.com/ulina/html/blog_details_nsb.html]
[uiuxom.com/ulina/html/blog_details_rsb.html]
[uiuxom.com/ulina/html/contact.html]
[uiuxom.com/ulina/html/images/cart/1.jpg]
[uiuxom.com/ulina/html/images/cart/2.jpg]
[uiuxom.com/ulina/html/images/cart/3.jpg]
[uiuxom.com/ulina/html/images/logo2.png]
[uiuxom.com/ulina/html/images/slider/1.png]
[uiuxom.com/ulina/html/images/slider/s1.png]
[uiuxom.com/ulina/html/images/slider/person_1.png]
[uiuxom.com/ulina/html/images/slider/person_2.png]
[uiuxom.com/ulina/html/images/slider/person_3.png]
[uiuxom.com/ulina/html/images/products/1.jpg]
[uiuxom.com/ulina/html/images/products/1.1.jpg]
[uiuxom.com/ulina/html/images/products/2.jpg]
[uiuxom.com/ulina/html/images/products/2.1.jpg]
[uiuxom.com/ulina/html/images/products/3.jpg]
[uiuxom.com/ulina/html/images/products/3.1.jpg]
[uiuxom.com/ulina/html/images/products/4.jpg]
[uiuxom.com/ulina/html/images/products/4.1.jpg]
[uiuxom.com/ulina/html/images/products/5.jpg]
[uiuxom.com/ulina/html/images/products/5.1.jpg]
[uiuxom.com/ulina/html/images/products/6.jpg]
[uiuxom.com/ulina/html/images/products/6.1.jpg]
[uiuxom.com/ulina/html/images/home1/1.png]
[uiuxom.com/ulina/html/images/home1/2.png]
[uiuxom.com/ulina/html/images/home1/4.png]
[uiuxom.com/ulina/html/images/home1/6.png]
[uiuxom.com/ulina/html/images/home1/5.png]
[uiuxom.com/ulina/html/images/home1/7.png]
[uiuxom.com/ulina/html/images/products/7.jpg]
[uiuxom.com/ulina/html/images/products/7.1.jpg]
[uiuxom.com/ulina/html/images/products/8.jpg]
[uiuxom.com/ulina/html/images/products/8.1.jpg]
[uiuxom.com/ulina/html/images/products/9.jpg]
[uiuxom.com/ulina/html/images/products/9.1.jpg]
[uiuxom.com/ulina/html/images/products/10.jpg]
[uiuxom.com/ulina/html/images/products/10.1.jpg]
[uiuxom.com/ulina/html/images/products/11.jpg]
[uiuxom.com/ulina/html/images/products/11.1.jpg]
[uiuxom.com/ulina/html/images/products/12.jpg]
[uiuxom.com/ulina/html/images/products/12.1.jpg]
[uiuxom.com/ulina/html/images/home1/8.jpg]
[uiuxom.com/ulina/html/images/home1/9.jpg]
[uiuxom.com/ulina/html/images/categoy/1.jpg]
[uiuxom.com/ulina/html/images/categoy/2.jpg]
[uiuxom.com/ulina/html/images/categoy/3.jpg]
[uiuxom.com/ulina/html/images/categoy/4.jpg]
[uiuxom.com/ulina/html/images/categoy/5.jpg]
[uiuxom.com/ulina/html/images/author/1.jpg]
[uiuxom.com/ulina/html/images/author/2.jpg]
[uiuxom.com/ulina/html/images/author/3.png]
[uiuxom.com/ulina/html/images/author/4.png]
[uiuxom.com/ulina/html/images/author/5.png]
[uiuxom.com/ulina/html/images/author/6.png]
[uiuxom.com/ulina/html/images/news/1.jpg]
[uiuxom.com/ulina/html/images/instagram/1_f.jpg]
[uiuxom.com/ulina/html/images/instagram/1.jpg]
[uiuxom.com/ulina/html/images/instagram/2_f.jpg]
[uiuxom.com/ulina/html/images/instagram/2.jpg]
[uiuxom.com/ulina/html/images/instagram/3_f.jpg]
[uiuxom.com/ulina/html/images/instagram/3.jpg]
[uiuxom.com/ulina/html/images/instagram/4_f.jpg]
[uiuxom.com/ulina/html/images/instagram/4.jpg]
[uiuxom.com/ulina/html/images/instagram/5_f.jpg]
[uiuxom.com/ulina/html/images/instagram/5.jpg]
[uiuxom.com/ulina/html/images/clients/1h.png]
[uiuxom.com/ulina/html/images/clients/1.png]
[uiuxom.com/ulina/html/images/clients/2h.png]
[uiuxom.com/ulina/html/images/clients/2.png]
[uiuxom.com/ulina/html/images/clients/3h.png]
[uiuxom.com/ulina/html/images/clients/3.png]
[uiuxom.com/ulina/html/images/clients/4h.png]
[uiuxom.com/ulina/html/images/clients/4.png]
[uiuxom.com/ulina/html/images/clients/5h.png]
[uiuxom.com/ulina/html/images/clients/5.png]
[uiuxom.com/ulina/html/images/product_details/p1.jpg]
[uiuxom.com/ulina/html/images/product_details/p2.jpg]
[uiuxom.com/ulina/html/images/product_details/p3.jpg]
[uiuxom.com/ulina/html/images/product_details/p4.jpg]
[uiuxom.com/ulina/html/images/product_details/p5.jpg]
[uiuxom.com/ulina/html/images/product_details/t1.jpg]
[uiuxom.com/ulina/html/images/product_details/t2.jpg]
[uiuxom.com/ulina/html/images/product_details/t3.jpg]
[uiuxom.com/ulina/html/images/product_details/t4.jpg]
[uiuxom.com/ulina/html/images/product_details/t5.jpg]
[uiuxom.com/ulina/html/js/jquery.js]
[uiuxom.com/ulina/html/js/jquery-ui.js]
[uiuxom.com/ulina/html/js/bootstrap.min.js]
[uiuxom.com/ulina/html/js/shuffle.min.js]
[uiuxom.com/ulina/html/js/owl.carousel.min.js]
[uiuxom.com/ulina/html/js/owl.carousel.filter.js]
[uiuxom.com/ulina/html/js/jquery.appear.js]
[uiuxom.com/ulina/html/js/lightcase.js]
[uiuxom.com/ulina/html/js/jquery.nice-select.js]
[uiuxom.com/ulina/html/js/slick.js]
[uiuxom.com/ulina/html/js/jquery.plugin.min.js]
[uiuxom.com/ulina/html/js/jquery.countdown.min.js]
[uiuxom.com/ulina/html/js/circle-progress.js]
[uiuxom.com/ulina/html/js/gmaps.js]
[uiuxom.com/ulina/html/js/jquery.themepunch.revolution.min.js]
[uiuxom.com/ulina/html/js/jquery.themepunch.tools.min.js]
[uiuxom.com/ulina/html/js/extensions/revolution.extension.actions.min.js]
[uiuxom.com/ulina/html/js/extensions/revolution.extension.carousel.min.js]
[uiuxom.com/ulina/html/js/extensions/revolution.extension.kenburn.min.js]
[uiuxom.com/ulina/html/js/extensions/revolution.extension.layeranimation.min.js]
[uiuxom.com/ulina/html/js/extensions/revolution.extension.migration.min.js]
[uiuxom.com/ulina/html/js/extensions/revolution.extension.navigation.min.js]
[uiuxom.com/ulina/html/js/extensions/revolution.extension.parallax.min.js]
[uiuxom.com/ulina/html/js/extensions/revolution.extension.slideanims.min.js]
[uiuxom.com/ulina/html/js/extensions/revolution.extension.video.min.js]
[uiuxom.com/ulina/html/js/theme.js]
[uiuxom.com/ulina/html/index.html]
[uiuxom.com/ulina/html/css/bootstrap.css]
[uiuxom.com/ulina/html/css/animate.css]
[uiuxom.com/ulina/html/fonts/fa-brands-400.woff2]
[uiuxom.com/ulina/html/fonts/fa-brands-400.ttf]
[uiuxom.com/ulina/html/fonts/fa-regular-400.woff2]
[uiuxom.com/ulina/html/fonts/fa-regular-400.ttf]
[uiuxom.com/ulina/html/fonts/fa-solid-900.woff2]
[uiuxom.com/ulina/html/fonts/fa-v4compatibility.woff2]
[uiuxom.com/ulina/html/fonts/fa-solid-900.ttf]
[uiuxom.com/ulina/html/fonts/fa-v4compatibility.ttf]
[uiuxom.com/ulina/html/css/fontawesome-all.css]
[uiuxom.com/ulina/html/css/owl.theme.default.min.css]
[uiuxom.com/ulina/html/css/owl.video.play.png]
[uiuxom.com/ulina/html/css/owl.carousel.min.css]
[uiuxom.com/ulina/html/fonts/lightcaseeead.eot]
[uiuxom.com/ulina/html/fonts/lightcaseeead.woff]
[uiuxom.com/ulina/html/fonts/lightcaseeead.ttf]
[uiuxom.com/ulina/html/fonts/lightcaseeead.svg]
[uiuxom.com/ulina/html/css/lightcase.css]
[uiuxom.com/ulina/html/css/slick.css]
[uiuxom.com/ulina/html/css/nice-select.css]
[uiuxom.com/ulina/html/fonts/revicons/revicons90c6.eot]
[uiuxom.com/ulina/html/fonts/revicons/revicons90c6.woff]
[uiuxom.com/ulina/html/fonts/revicons/revicons90c6.ttf]
[uiuxom.com/ulina/html/fonts/revicons/revicons90c6.svg]
[uiuxom.com/ulina/html/css/openhand.cur]
[uiuxom.com/ulina/html/css/closedhand.cur]
[uiuxom.com/ulina/html/assets/gridtile.png]
[uiuxom.com/ulina/html/assets/gridtile_white.png]
[uiuxom.com/ulina/html/assets/gridtile_3x3.png]
[uiuxom.com/ulina/html/assets/gridtile_3x3_white.png]
[uiuxom.com/ulina/html/assets/coloredbg.png]
[uiuxom.com/ulina/html/images/loader.gif]
[uiuxom.com/ulina/html/css/settings.css]
[uiuxom.com/ulina/html/fonts/Ulina3ed5.eot]
[uiuxom.com/ulina/html/fonts/Ulina3ed5.ttf]
[uiuxom.com/ulina/html/fonts/Ulina3ed5.woff]
[uiuxom.com/ulina/html/fonts/Ulina3ed5.svg]
[uiuxom.com/ulina/html/css/ulina-icons.css]
[uiuxom.com/ulina/html/images/bg/1.jpg]
[uiuxom.com/ulina/html/images/bg/3.jpg]
[uiuxom.com/ulina/html/css/ignore_for_wp.css]
[uiuxom.com/ulina/html/css/preset.css]
[uiuxom.com/ulina/html/images/close.png]
[uiuxom.com/ulina/html/images/close1.png]
[uiuxom.com/ulina/html/images/bg/2.png]
[uiuxom.com/ulina/html/css/theme.css]
[uiuxom.com/ulina/html/css/responsive.css]
[uiuxom.com/ulina/html/images/slider/1.jpg]
[uiuxom.com/ulina/html/images/slider/2.jpg]
[uiuxom.com/ulina/html/images/slider/3.jpg]
[uiuxom.com/ulina/html/images/products/13.jpg]
[uiuxom.com/ulina/html/images/products/13.1.jpg]
[uiuxom.com/ulina/html/images/products/14.jpg]
[uiuxom.com/ulina/html/images/products/14.1.jpg]
[uiuxom.com/ulina/html/images/products/15.jpg]
[uiuxom.com/ulina/html/images/products/15.1.jpg]
[uiuxom.com/ulina/html/images/products/16.jpg]
[uiuxom.com/ulina/html/images/products/16.1.jpg]
[uiuxom.com/ulina/html/images/products/17.jpg]
[uiuxom.com/ulina/html/images/products/17.1.jpg]
[uiuxom.com/ulina/html/images/products/18.jpg]
[uiuxom.com/ulina/html/images/products/18.1.jpg]
[uiuxom.com/ulina/html/images/products/19.jpg]
[uiuxom.com/ulina/html/images/products/19.1.jpg]
[uiuxom.com/ulina/html/images/products/20.jpg]
[uiuxom.com/ulina/html/images/products/20.1.jpg]
[uiuxom.com/ulina/html/images/categoy/6.jpg]
[uiuxom.com/ulina/html/images/categoy/7.jpg]
[uiuxom.com/ulina/html/images/categoy/8.jpg]
[uiuxom.com/ulina/html/images/categoy/9.jpg]
[uiuxom.com/ulina/html/images/categoy/10.jpg]
[uiuxom.com/ulina/html/images/categoy/11.jpg]
[uiuxom.com/ulina/html/images/home2/1.jpg]
[uiuxom.com/ulina/html/images/home2/2.jpg]
[uiuxom.com/ulina/html/images/home2/5.png]
[uiuxom.com/ulina/html/images/home2/3.jpg]
[uiuxom.com/ulina/html/images/home2/4.jpg]
[uiuxom.com/ulina/html/images/products/21.jpg]
[uiuxom.com/ulina/html/images/products/21.1.jpg]
[uiuxom.com/ulina/html/images/products/22.jpg]
[uiuxom.com/ulina/html/images/products/22.1.jpg]
[uiuxom.com/ulina/html/images/products/23.jpg]
[uiuxom.com/ulina/html/images/products/23.1.jpg]
[uiuxom.com/ulina/html/images/products/24.jpg]
[uiuxom.com/ulina/html/images/products/24.1.jpg]
[uiuxom.com/ulina/html/images/home2/6.png]
[uiuxom.com/ulina/html/images/home2/7.jpg]
[uiuxom.com/ulina/html/images/instagram/6_f.jpg]
[uiuxom.com/ulina/html/images/instagram/6.jpg]
[uiuxom.com/ulina/html/images/instagram/7_f.jpg]
[uiuxom.com/ulina/html/images/instagram/7.jpg]
[uiuxom.com/ulina/html/images/instagram/8_f.jpg]
[uiuxom.com/ulina/html/images/instagram/8.jpg]
[uiuxom.com/ulina/html/images/instagram/9_f.jpg]
[uiuxom.com/ulina/html/images/instagram/9.jpg]
[uiuxom.com/ulina/html/images/instagram/10_f.jpg]
[uiuxom.com/ulina/html/images/instagram/10.jpg]
[uiuxom.com/ulina/html/images/news/2.jpg]
[uiuxom.com/ulina/html/images/news/3.jpg]
[uiuxom.com/ulina/html/images/news/4.jpg]
[uiuxom.com/ulina/html/index2.html]
[uiuxom.com/ulina/html/images/about/1.jpg]
[uiuxom.com/ulina/html/images/about/2.jpg]
[uiuxom.com/ulina/html/images/about/3.jpg]
[uiuxom.com/ulina/html/images/about/4.jpg]
[uiuxom.com/ulina/html/images/team/1.jpg]
[uiuxom.com/ulina/html/images/team/2.jpg]
[uiuxom.com/ulina/html/images/team/3.jpg]
[uiuxom.com/ulina/html/images/team/4.jpg]
[uiuxom.com/ulina/html/images/team/5.jpg]
[uiuxom.com/ulina/html/images/team/6.jpg]
[uiuxom.com/ulina/html/images/team/7.jpg]
[uiuxom.com/ulina/html/images/team/8.jpg]
[uiuxom.com/ulina/html/images/team/9.jpg]
[uiuxom.com/ulina/html/images/team/10.jpg]
[uiuxom.com/ulina/html/images/team/11.jpg]
[uiuxom.com/ulina/html/images/team/12.jpg]
[uiuxom.com/ulina/html/about.html]
[uiuxom.com/ulina/html/images/widgets/1.jpg]
[uiuxom.com/ulina/html/images/widgets/2.jpg]
[uiuxom.com/ulina/html/images/widgets/3.jpg]
[uiuxom.com/ulina/html/shop_left_sidebar.html]
[uiuxom.com/ulina/html/shop_full_width.html]
[uiuxom.com/ulina/html/shop_right_sidebar.html]
[uiuxom.com/ulina/html/images/products/25.jpg]
[uiuxom.com/ulina/html/images/products/25.1.jpg]
[uiuxom.com/ulina/html/images/products/26.jpg]
[uiuxom.com/ulina/html/images/products/26.1.jpg]
[uiuxom.com/ulina/html/images/products/27.jpg]
[uiuxom.com/ulina/html/images/products/27.1.jpg]
[uiuxom.com/ulina/html/images/products/28.jpg]
[uiuxom.com/ulina/html/images/products/28.1.jpg]
[uiuxom.com/ulina/html/collections.html]
[uiuxom.com/ulina/html/collection_list.html]
[uiuxom.com/ulina/html/images/product_details/1.jpg]
[uiuxom.com/ulina/html/images/product_details/2.jpg]
[uiuxom.com/ulina/html/images/product_details/3.jpg]
[uiuxom.com/ulina/html/images/product_details/4.jpg]
[uiuxom.com/ulina/html/images/product_details/5.jpg]
[uiuxom.com/ulina/html/images/author/7.jpg]
[uiuxom.com/ulina/html/images/author/8.jpg]
[uiuxom.com/ulina/html/images/author/9.jpg]
[uiuxom.com/ulina/html/shop_details1.html]
[uiuxom.com/ulina/html/images/product_details/t6.jpg]
[uiuxom.com/ulina/html/images/product_details/t7.jpg]
[uiuxom.com/ulina/html/images/product_details/t8.jpg]
[uiuxom.com/ulina/html/images/product_details/t9.jpg]
[uiuxom.com/ulina/html/images/product_details/6.jpg]
[uiuxom.com/ulina/html/images/product_details/7.jpg]
[uiuxom.com/ulina/html/images/product_details/8.jpg]
[uiuxom.com/ulina/html/images/product_details/9.jpg]
[uiuxom.com/ulina/html/shop_details2.html]
[uiuxom.com/ulina/html/images/cart/4.jpg]
[uiuxom.com/ulina/html/cart.html]
[uiuxom.com/ulina/html/checkout.html]
[uiuxom.com/ulina/html/images/cart/5.jpg]
[uiuxom.com/ulina/html/images/cart/6.jpg]
[uiuxom.com/ulina/html/wishlist.html]
[uiuxom.com/ulina/html/team.html]
[uiuxom.com/ulina/html/faq.html]
[uiuxom.com/ulina/html/images/author/11.jpg]
[uiuxom.com/ulina/html/images/author/10.jpg]
[uiuxom.com/ulina/html/images/author/14.jpg]
[uiuxom.com/ulina/html/testimonial.html]
[uiuxom.com/ulina/html/404.html]
[uiuxom.com/ulina/html/images/widgets/4.jpg]
[uiuxom.com/ulina/html/images/widgets/5.jpg]
[uiuxom.com/ulina/html/images/widgets/6.jpg]
[uiuxom.com/ulina/html/images/widgets/7_f.jpg]
[uiuxom.com/ulina/html/images/widgets/7.jpg]
[uiuxom.com/ulina/html/images/widgets/8_f.jpg]
[uiuxom.com/ulina/html/images/widgets/8.jpg]
[uiuxom.com/ulina/html/images/widgets/9_f.jpg]
[uiuxom.com/ulina/html/images/widgets/9.jpg]
[uiuxom.com/ulina/html/images/widgets/10_f.jpg]
[uiuxom.com/ulina/html/images/widgets/10.jpg]
[uiuxom.com/ulina/html/images/widgets/11_f.jpg]
[uiuxom.com/ulina/html/images/widgets/11.jpg]
[uiuxom.com/ulina/html/images/widgets/12_f.jpg]
[uiuxom.com/ulina/html/images/widgets/12.jpg]
[uiuxom.com/ulina/html/images/news/5.jpg]
[uiuxom.com/ulina/html/images/news/6.jpg]
[uiuxom.com/ulina/html/images/news/7.jpg]
[uiuxom.com/ulina/html/images/news/8.jpg]
[uiuxom.com/ulina/html/images/news/9.jpg]
[uiuxom.com/ulina/html/blog_standard_lsb.html]
[uiuxom.com/ulina/html/blog_standard_nsb.html]
[uiuxom.com/ulina/html/blog_standard_rsb.html]
[uiuxom.com/ulina/html/images/news/15.jpg]
[uiuxom.com/ulina/html/images/news/16.jpg]
[uiuxom.com/ulina/html/images/news/17.jpg]
[uiuxom.com/ulina/html/images/news/18.jpg]
[uiuxom.com/ulina/html/images/news/19.jpg]
[uiuxom.com/ulina/html/images/news/20.jpg]
[uiuxom.com/ulina/html/images/news/21.jpg]
[uiuxom.com/ulina/html/images/news/22.jpg]
[uiuxom.com/ulina/html/images/news/23.jpg]
[uiuxom.com/ulina/html/blog_grid_lsb.html]
[uiuxom.com/ulina/html/blog_grid_nsb.html]
[uiuxom.com/ulina/html/blog_grid_rsb.html]
[uiuxom.com/ulina/html/images/news/14.jpg]
[uiuxom.com/ulina/html/images/news/25.jpg]
[uiuxom.com/ulina/html/images/news/26.jpg]
[uiuxom.com/ulina/html/images/author/12.jpg]
[uiuxom.com/ulina/html/images/author/13.jpg]
[uiuxom.com/ulina/html/blog_details_lsb.html]
[uiuxom.com/ulina/html/blog_details_nsb.html]
[uiuxom.com/ulina/html/blog_details_rsb.html]
[uiuxom.com/ulina/html/contact.html]
[uiuxom.com/ulina/html/js/jquery.js]
[uiuxom.com/ulina/html/js/jquery-ui.js]
[uiuxom.com/ulina/html/js/bootstrap.min.js]
[uiuxom.com/ulina/html/js/shuffle.min.js]
[uiuxom.com/ulina/html/js/owl.carousel.min.js]
[uiuxom.com/ulina/html/js/owl.carousel.filter.js]
[uiuxom.com/ulina/html/js/jquery.appear.js]
[uiuxom.com/ulina/html/js/lightcase.js]
[uiuxom.com/ulina/html/js/jquery.nice-select.js]
[uiuxom.com/ulina/html/js/slick.js]
[uiuxom.com/ulina/html/js/jquery.plugin.min.js]
[uiuxom.com/ulina/html/js/jquery.countdown.min.js]
[uiuxom.com/ulina/html/js/circle-progress.js]
[uiuxom.com/ulina/html/js/gmaps.js]
[uiuxom.com/ulina/html/TweenLite.143.delayed]
[uiuxom.com/ulina/TweenLite.js]
[uiuxom.com/ulina/html/js/jquery.themepunch.tools.min.js]
[uiuxom.com/ulina/html/themepunch.revolution.min.145.delayed]
[uiuxom.com/ulina/html/Version/index.html]
[uiuxom.com/ulina/html/jquery.themepunch.revolution.min.js]
[uiuxom.com/ulina/html/jquery.themepunch.revolution.js]
[uiuxom.com/ulina/html/images/transparent.png]
[uiuxom.com/ulina/html/assets/transparent.png]
[uiuxom.com/ulina/html/js/jquery.themepunch.revolution.min.js]
[uiuxom.com/ulina/html/js/extensions/revolution.extension.actions.min.js]
[uiuxom.com/ulina/html/js/extensions/revolution.extension.carousel.min.js]
[uiuxom.com/ulina/html/js/extensions/revolution.extension.kenburn.min.js]
[uiuxom.com/ulina/html/js/extensions/revolution.extension.layeranimation.min.js]
[uiuxom.com/ulina/html/js/extensions/revolution.extension.migration.min.js]
[uiuxom.com/ulina/html/js/extensions/revolution.extension.navigation.min.js]
[uiuxom.com/ulina/html/js/extensions/revolution.extension.parallax.min.js]
[uiuxom.com/ulina/html/js/extensions/revolution.extension.slideanims.min.js]
[uiuxom.com/ulina/html/js/extensions/revolution.extension.video.min.js]
[uiuxom.com/ulina/html/js/theme.js]
[uiuxom.com/ulina/html/fonts/lightcaseeead.svg]
[uiuxom.com/ulina/html/fonts/revicons/revicons90c6.html]
[uiuxom.com/ulina/html/fonts/revicons/revicons90c6-2.html]
[uiuxom.com/ulina/html/fonts/revicons/revicons90c6-3.html]
[uiuxom.com/ulina/html/fonts/revicons/revicons90c6-4.html]
[uiuxom.com/ulina/html/css/openhand.html]
[uiuxom.com/ulina/html/css/closedhand.html]
[uiuxom.com/ulina/html/assets/gridtile.html]
[uiuxom.com/ulina/html/assets/gridtile_white.html]
[uiuxom.com/ulina/html/assets/gridtile_3x3.html]
[uiuxom.com/ulina/html/assets/gridtile_3x3_white.html]
[uiuxom.com/ulina/html/assets/coloredbg.html]
[player.vimeo.com/api/player.js]
[uiuxom.com/ulina/html/fonts/Ulina3ed5.svg]
[uiuxom.com/ulina/html/TweenLite.html]
[uiuxom.com/ulina/TweenLite.html]
[uiuxom.com/ulina/html/Version/index.html]
[uiuxom.com/ulina/html/themepunch.revolution.min.html]
[uiuxom.com/ulina/html/jquery.themepunch.revolution.min.html]
[uiuxom.com/ulina/html/jquery.themepunch.revolution.html]
[uiuxom.com/ulina/html/images/transparent.html]
[uiuxom.com/ulina/html/assets/transparent.html]
